// Jest Snapshot v1, https://goo.gl/fbAQLP

exports[`serviceDecorators test serviceDecorators config 1`] = `
Object {
  "config": Object {
    "bindAs": "test",
    "onBind": Array [
      Array [
        "test1",
        "test2",
        "onBind",
      ],
      Array [
        "test1",
        "test2",
        "onBindOnlyGarageStore",
      ],
    ],
    "onUnbind": Array [
      Array [
        "test1",
        "test2",
        "onUnbind",
      ],
    ],
  },
  "onStart": "onStart",
  "onStop": "onStop",
}
`;
