// Jest Snapshot v1, https://goo.gl/fbAQLP

exports[`serviceDecorators test serviceDecorators config 1`] = `
Object {
  "bindAs": "test",
  "onBind": Array [
    Array [
      "test1",
      "test2",
      "onBind",
    ],
    Array [
      "test1",
      "test2",
      "onBindOnlyGarageService",
    ],
  ],
  "onStart": Array [
    "init",
    "onStart",
  ],
  "onStop": "onStop",
  "onUnbind": Array [
    Array [
      "test1",
      "test2",
      "onUnbind",
    ],
  ],
}
`;
